// Jest Snapshot v1, https://goo.gl/fbAQLP

exports[`06 Ensure has proper blank line after text block when using a block like with SymfonyStyle::success 1`] = `
"
 * Lorem ipsum dolor sit amet
 * consectetur adipiscing elit

 [OK] Lorem ipsum dolor sit amet                                                

"
`;
