// Jest Snapshot v1, https://goo.gl/fbAQLP

exports[`04 Ensure has single blank line after any text and a title 1`] = `
"Lorem ipsum dolor sit amet

First title
===========

Lorem ipsum dolor sit amet

Second title
============

Lorem ipsum dolor sit amet

Third title
===========

Lorem ipsum dolor sit amet

Fourth title
============

Lorem ipsum dolor sit amet


Fifth title
===========

Lorem ipsum dolor sit amet


Fifth title
===========

"
`;
